2026-02-09T04:44:57.5853793Z Current runner version: '2.331.0'
2026-02-09T04:44:57.5880806Z ##[group]Runner Image Provisioner
2026-02-09T04:44:57.5882028Z Hosted Compute Agent
2026-02-09T04:44:57.5882803Z Version: 20260123.484
2026-02-09T04:44:57.5883668Z Commit: 6bd6555ca37d84114959e1c76d2c01448ff61c5d
2026-02-09T04:44:57.5884776Z Build Date: 2026-01-23T19:41:17Z
2026-02-09T04:44:57.5885777Z Worker ID: {fbc992d6-4ca2-4020-bf0e-cb1a16bebe61}
2026-02-09T04:44:57.5886747Z Azure Region: eastus2
2026-02-09T04:44:57.5887616Z ##[endgroup]
2026-02-09T04:44:57.5889519Z ##[group]Operating System
2026-02-09T04:44:57.5890536Z Ubuntu
2026-02-09T04:44:57.5891344Z 24.04.3
2026-02-09T04:44:57.5891998Z LTS
2026-02-09T04:44:57.5892789Z ##[endgroup]
2026-02-09T04:44:57.5893541Z ##[group]Runner Image
2026-02-09T04:44:57.5894380Z Image: ubuntu-24.04
2026-02-09T04:44:57.5895129Z Version: 20260201.15.1
2026-02-09T04:44:57.5897018Z Included Software: https://github.com/actions/runner-images/blob/ubuntu24/20260201.15/images/ubuntu/Ubuntu2404-Readme.md
2026-02-09T04:44:57.5899298Z Image Release: https://github.com/actions/runner-images/releases/tag/ubuntu24%2F20260201.15
2026-02-09T04:44:57.5900948Z ##[endgroup]
2026-02-09T04:44:57.5902547Z ##[group]GITHUB_TOKEN Permissions
2026-02-09T04:44:57.5905636Z Contents: read
2026-02-09T04:44:57.5906429Z Metadata: read
2026-02-09T04:44:57.5907201Z Packages: read
2026-02-09T04:44:57.5907978Z ##[endgroup]
2026-02-09T04:44:57.5910971Z Secret source: Actions
2026-02-09T04:44:57.5911919Z Prepare workflow directory
2026-02-09T04:44:57.6354971Z Prepare all required actions
2026-02-09T04:44:57.6408395Z Getting action download info
2026-02-09T04:44:57.9186501Z Download action repository 'actions/checkout@v4' (SHA:34e114876b0b11c390a56381ad16ebd13914f8d5)
2026-02-09T04:44:58.0398218Z Download action repository 'actions/setup-python@v5' (SHA:a26af69be951a213d495a4c3e4e4022e16d87065)
2026-02-09T04:44:58.2263372Z Complete job name: validate
2026-02-09T04:44:58.2912740Z ##[group]Run actions/checkout@v4
2026-02-09T04:44:58.2913493Z with:
2026-02-09T04:44:58.2913951Z   repository: DrivenIdeaLab/agent-zero-evolution
2026-02-09T04:44:58.2914697Z   token: ***
2026-02-09T04:44:58.2915072Z   ssh-strict: true
2026-02-09T04:44:58.2915466Z   ssh-user: git
2026-02-09T04:44:58.2915853Z   persist-credentials: true
2026-02-09T04:44:58.2916290Z   clean: true
2026-02-09T04:44:58.2916679Z   sparse-checkout-cone-mode: true
2026-02-09T04:44:58.2917130Z   fetch-depth: 1
2026-02-09T04:44:58.2917507Z   fetch-tags: false
2026-02-09T04:44:58.2917885Z   show-progress: true
2026-02-09T04:44:58.2918274Z   lfs: false
2026-02-09T04:44:58.2918618Z   submodules: false
2026-02-09T04:44:58.2919022Z   set-safe-directory: true
2026-02-09T04:44:58.2919756Z ##[endgroup]
2026-02-09T04:44:58.3995027Z Syncing repository: DrivenIdeaLab/agent-zero-evolution
2026-02-09T04:44:58.3996731Z ##[group]Getting Git version info
2026-02-09T04:44:58.3997606Z Working directory is '/home/runner/work/agent-zero-evolution/agent-zero-evolution'
2026-02-09T04:44:58.3998664Z [command]/usr/bin/git version
2026-02-09T04:44:58.4038105Z git version 2.52.0
2026-02-09T04:44:58.4062596Z ##[endgroup]
2026-02-09T04:44:58.4076229Z Temporarily overriding HOME='/home/runner/work/_temp/12e77480-e78a-470a-bf85-2e51adc00d94' before making global git config changes
2026-02-09T04:44:58.4077537Z Adding repository directory to the temporary git global config as a safe directory
2026-02-09T04:44:58.4089094Z [command]/usr/bin/git config --global --add safe.directory /home/runner/work/agent-zero-evolution/agent-zero-evolution
2026-02-09T04:44:58.4125488Z Deleting the contents of '/home/runner/work/agent-zero-evolution/agent-zero-evolution'
2026-02-09T04:44:58.4128756Z ##[group]Initializing the repository
2026-02-09T04:44:58.4133101Z [command]/usr/bin/git init /home/runner/work/agent-zero-evolution/agent-zero-evolution
2026-02-09T04:44:58.4202860Z hint: Using 'master' as the name for the initial branch. This default branch name
2026-02-09T04:44:58.4203996Z hint: will change to "main" in Git 3.0. To configure the initial branch name
2026-02-09T04:44:58.4205251Z hint: to use in all of your new repositories, which will suppress this warning,
2026-02-09T04:44:58.4206290Z hint: call:
2026-02-09T04:44:58.4206632Z hint:
2026-02-09T04:44:58.4207093Z hint: 	git config --global init.defaultBranch <name>
2026-02-09T04:44:58.4207652Z hint:
2026-02-09T04:44:58.4208182Z hint: Names commonly chosen instead of 'master' are 'main', 'trunk' and
2026-02-09T04:44:58.4209041Z hint: 'development'. The just-created branch can be renamed via this command:
2026-02-09T04:44:58.4209736Z hint:
2026-02-09T04:44:58.4210350Z hint: 	git branch -m <name>
2026-02-09T04:44:58.4210839Z hint:
2026-02-09T04:44:58.4211469Z hint: Disable this message with "git config set advice.defaultBranchName false"
2026-02-09T04:44:58.4212547Z Initialized empty Git repository in /home/runner/work/agent-zero-evolution/agent-zero-evolution/.git/
2026-02-09T04:44:58.4217365Z [command]/usr/bin/git remote add origin https://github.com/DrivenIdeaLab/agent-zero-evolution
2026-02-09T04:44:58.4250941Z ##[endgroup]
2026-02-09T04:44:58.4251656Z ##[group]Disabling automatic garbage collection
2026-02-09T04:44:58.4255025Z [command]/usr/bin/git config --local gc.auto 0
2026-02-09T04:44:58.4283521Z ##[endgroup]
2026-02-09T04:44:58.4284173Z ##[group]Setting up auth
2026-02-09T04:44:58.4291091Z [command]/usr/bin/git config --local --name-only --get-regexp core\.sshCommand
2026-02-09T04:44:58.4322292Z [command]/usr/bin/git submodule foreach --recursive sh -c "git config --local --name-only --get-regexp 'core\.sshCommand' && git config --local --unset-all 'core.sshCommand' || :"
2026-02-09T04:44:58.4626004Z [command]/usr/bin/git config --local --name-only --get-regexp http\.https\:\/\/github\.com\/\.extraheader
2026-02-09T04:44:58.4657954Z [command]/usr/bin/git submodule foreach --recursive sh -c "git config --local --name-only --get-regexp 'http\.https\:\/\/github\.com\/\.extraheader' && git config --local --unset-all 'http.https://github.com/.extraheader' || :"
2026-02-09T04:44:58.4892279Z [command]/usr/bin/git config --local --name-only --get-regexp ^includeIf\.gitdir:
2026-02-09T04:44:58.4923803Z [command]/usr/bin/git submodule foreach --recursive git config --local --show-origin --name-only --get-regexp remote.origin.url
2026-02-09T04:44:58.5169864Z [command]/usr/bin/git config --local http.https://github.com/.extraheader AUTHORIZATION: basic ***
2026-02-09T04:44:58.5205204Z ##[endgroup]
2026-02-09T04:44:58.5206235Z ##[group]Fetching the repository
2026-02-09T04:44:58.5214652Z [command]/usr/bin/git -c protocol.version=2 fetch --no-tags --prune --no-recurse-submodules --depth=1 origin +9122957daf4089051a3cb125f3d1c6d803a6f818:refs/remotes/origin/main
2026-02-09T04:44:58.7439602Z From https://github.com/DrivenIdeaLab/agent-zero-evolution
2026-02-09T04:44:58.7440942Z  * [new ref]         9122957daf4089051a3cb125f3d1c6d803a6f818 -> origin/main
2026-02-09T04:44:58.7471463Z ##[endgroup]
2026-02-09T04:44:58.7472520Z ##[group]Determining the checkout info
2026-02-09T04:44:58.7474122Z ##[endgroup]
2026-02-09T04:44:58.7480168Z [command]/usr/bin/git sparse-checkout disable
2026-02-09T04:44:58.7520505Z [command]/usr/bin/git config --local --unset-all extensions.worktreeConfig
2026-02-09T04:44:58.7548274Z ##[group]Checking out the ref
2026-02-09T04:44:58.7553222Z [command]/usr/bin/git checkout --progress --force -B main refs/remotes/origin/main
2026-02-09T04:44:58.7660579Z Switched to a new branch 'main'
2026-02-09T04:44:58.7662222Z branch 'main' set up to track 'origin/main'.
2026-02-09T04:44:58.7669639Z ##[endgroup]
2026-02-09T04:44:58.7704731Z [command]/usr/bin/git log -1 --format=%H
2026-02-09T04:44:58.7727811Z 9122957daf4089051a3cb125f3d1c6d803a6f818
2026-02-09T04:44:58.7966821Z ##[group]Run actions/setup-python@v5
2026-02-09T04:44:58.7967312Z with:
2026-02-09T04:44:58.7967664Z   python-version: 3.13
2026-02-09T04:44:58.7968067Z   check-latest: false
2026-02-09T04:44:58.7968594Z   token: ***
2026-02-09T04:44:58.7968969Z   update-environment: true
2026-02-09T04:44:58.7969396Z   allow-prereleases: false
2026-02-09T04:44:58.7970158Z   freethreaded: false
2026-02-09T04:44:58.7970541Z ##[endgroup]
2026-02-09T04:44:58.9610691Z ##[group]Installed versions
2026-02-09T04:44:58.9703201Z Successfully set up CPython (3.13.11)
2026-02-09T04:44:58.9704920Z ##[endgroup]
2026-02-09T04:44:58.9828318Z ##[group]Run python tests/validation/validate_registries.py
2026-02-09T04:44:58.9829094Z [36;1mpython tests/validation/validate_registries.py[0m
2026-02-09T04:44:58.9954765Z shell: /usr/bin/bash -e {0}
2026-02-09T04:44:58.9955252Z env:
2026-02-09T04:44:58.9955719Z   pythonLocation: /opt/hostedtoolcache/Python/3.13.11/x64
2026-02-09T04:44:58.9956490Z   PKG_CONFIG_PATH: /opt/hostedtoolcache/Python/3.13.11/x64/lib/pkgconfig
2026-02-09T04:44:58.9957234Z   Python_ROOT_DIR: /opt/hostedtoolcache/Python/3.13.11/x64
2026-02-09T04:44:58.9957893Z   Python2_ROOT_DIR: /opt/hostedtoolcache/Python/3.13.11/x64
2026-02-09T04:44:58.9958583Z   Python3_ROOT_DIR: /opt/hostedtoolcache/Python/3.13.11/x64
2026-02-09T04:44:58.9959254Z   LD_LIBRARY_PATH: /opt/hostedtoolcache/Python/3.13.11/x64/lib
2026-02-09T04:44:58.9959841Z ##[endgroup]
2026-02-09T04:44:59.2186196Z docs/registry/skills.md: PASS - OK
2026-02-09T04:44:59.2186933Z docs/registry/hooks.md: PASS - OK
2026-02-09T04:44:59.2187558Z docs/registry/permissions.md: PASS - OK
2026-02-09T04:44:59.2188069Z docs/registry/agents.md: PASS - OK
2026-02-09T04:44:59.2188545Z docs/registry/commands.md: PASS - OK
2026-02-09T04:44:59.2250718Z ##[group]Run python skills/custom/system_health_check.py
2026-02-09T04:44:59.2251497Z [36;1mpython skills/custom/system_health_check.py[0m
2026-02-09T04:44:59.2286775Z shell: /usr/bin/bash -e {0}
2026-02-09T04:44:59.2287219Z env:
2026-02-09T04:44:59.2287672Z   pythonLocation: /opt/hostedtoolcache/Python/3.13.11/x64
2026-02-09T04:44:59.2288431Z   PKG_CONFIG_PATH: /opt/hostedtoolcache/Python/3.13.11/x64/lib/pkgconfig
2026-02-09T04:44:59.2289192Z   Python_ROOT_DIR: /opt/hostedtoolcache/Python/3.13.11/x64
2026-02-09T04:44:59.2289854Z   Python2_ROOT_DIR: /opt/hostedtoolcache/Python/3.13.11/x64
2026-02-09T04:44:59.2290751Z   Python3_ROOT_DIR: /opt/hostedtoolcache/Python/3.13.11/x64
2026-02-09T04:44:59.2291425Z   LD_LIBRARY_PATH: /opt/hostedtoolcache/Python/3.13.11/x64/lib
2026-02-09T04:44:59.2291986Z ##[endgroup]
2026-02-09T04:44:59.2751832Z ##[group]Run LAST_MODIFIED=$(stat -c %Y docs/changelog.md 2>/dev/null || stat -f %m docs/changelog.md)
2026-02-09T04:44:59.2752988Z [36;1mLAST_MODIFIED=$(stat -c %Y docs/changelog.md 2>/dev/null || stat -f %m docs/changelog.md)[0m
2026-02-09T04:44:59.2753939Z [36;1mSEVEN_DAYS_AGO=$(date -d '7 days ago' +%s 2>/dev/null || date -v-7d +%s)[0m
2026-02-09T04:44:59.2754692Z [36;1mif [ "$LAST_MODIFIED" -lt "$SEVEN_DAYS_AGO" ]; then[0m
2026-02-09T04:44:59.2755347Z [36;1m  echo "WARNING: Changelog not updated in 7+ days"[0m
2026-02-09T04:44:59.2755898Z [36;1mfi[0m
2026-02-09T04:44:59.2788751Z shell: /usr/bin/bash -e {0}
2026-02-09T04:44:59.2789192Z env:
2026-02-09T04:44:59.2789649Z   pythonLocation: /opt/hostedtoolcache/Python/3.13.11/x64
2026-02-09T04:44:59.2790714Z   PKG_CONFIG_PATH: /opt/hostedtoolcache/Python/3.13.11/x64/lib/pkgconfig
2026-02-09T04:44:59.2791452Z   Python_ROOT_DIR: /opt/hostedtoolcache/Python/3.13.11/x64
2026-02-09T04:44:59.2792146Z   Python2_ROOT_DIR: /opt/hostedtoolcache/Python/3.13.11/x64
2026-02-09T04:44:59.2792798Z   Python3_ROOT_DIR: /opt/hostedtoolcache/Python/3.13.11/x64
2026-02-09T04:44:59.2793463Z   LD_LIBRARY_PATH: /opt/hostedtoolcache/Python/3.13.11/x64/lib
2026-02-09T04:44:59.2794043Z ##[endgroup]
2026-02-09T04:44:59.2989474Z ##[group]Run if grep -rn "sk-ant-\|sk-\|ghp_\|PRIVATE_KEY" \
2026-02-09T04:44:59.2990439Z [36;1mif grep -rn "sk-ant-\|sk-\|ghp_\|PRIVATE_KEY" \[0m
2026-02-09T04:44:59.2991129Z [36;1m  --include="*.py" --include="*.md" --include="*.sh" \[0m
2026-02-09T04:44:59.2991725Z [36;1m  --exclude-dir=.git .; then[0m
2026-02-09T04:44:59.2992294Z [36;1m  echo "ERROR: Potential secrets found in codebase!"[0m
2026-02-09T04:44:59.2992863Z [36;1m  exit 1[0m
2026-02-09T04:44:59.2993216Z [36;1mfi[0m
2026-02-09T04:44:59.3025671Z shell: /usr/bin/bash -e {0}
2026-02-09T04:44:59.3026125Z env:
2026-02-09T04:44:59.3026584Z   pythonLocation: /opt/hostedtoolcache/Python/3.13.11/x64
2026-02-09T04:44:59.3027327Z   PKG_CONFIG_PATH: /opt/hostedtoolcache/Python/3.13.11/x64/lib/pkgconfig
2026-02-09T04:44:59.3028053Z   Python_ROOT_DIR: /opt/hostedtoolcache/Python/3.13.11/x64
2026-02-09T04:44:59.3028702Z   Python2_ROOT_DIR: /opt/hostedtoolcache/Python/3.13.11/x64
2026-02-09T04:44:59.3029396Z   Python3_ROOT_DIR: /opt/hostedtoolcache/Python/3.13.11/x64
2026-02-09T04:44:59.3030284Z   LD_LIBRARY_PATH: /opt/hostedtoolcache/Python/3.13.11/x64/lib
2026-02-09T04:44:59.3030857Z ##[endgroup]
2026-02-09T04:44:59.3147029Z ##[group]Run for f in docs/registry/*.md; do
2026-02-09T04:44:59.3147585Z [36;1mfor f in docs/registry/*.md; do[0m
2026-02-09T04:44:59.3148108Z [36;1m  if [ $(wc -l < "$f") -lt 3 ]; then[0m
2026-02-09T04:44:59.3148703Z [36;1m    echo "ERROR: $f appears empty or malformed"[0m
2026-02-09T04:44:59.3149230Z [36;1m    exit 1[0m
2026-02-09T04:44:59.3149617Z [36;1m  fi[0m
2026-02-09T04:44:59.3150206Z [36;1mdone[0m
2026-02-09T04:44:59.3182979Z shell: /usr/bin/bash -e {0}
2026-02-09T04:44:59.3183423Z env:
2026-02-09T04:44:59.3183880Z   pythonLocation: /opt/hostedtoolcache/Python/3.13.11/x64
2026-02-09T04:44:59.3184642Z   PKG_CONFIG_PATH: /opt/hostedtoolcache/Python/3.13.11/x64/lib/pkgconfig
2026-02-09T04:44:59.3185366Z   Python_ROOT_DIR: /opt/hostedtoolcache/Python/3.13.11/x64
2026-02-09T04:44:59.3186027Z   Python2_ROOT_DIR: /opt/hostedtoolcache/Python/3.13.11/x64
2026-02-09T04:44:59.3186679Z   Python3_ROOT_DIR: /opt/hostedtoolcache/Python/3.13.11/x64
2026-02-09T04:44:59.3187359Z   LD_LIBRARY_PATH: /opt/hostedtoolcache/Python/3.13.11/x64/lib
2026-02-09T04:44:59.3187922Z ##[endgroup]
2026-02-09T04:44:59.3398830Z Post job cleanup.
2026-02-09T04:44:59.5080824Z Post job cleanup.
2026-02-09T04:44:59.6029691Z [command]/usr/bin/git version
2026-02-09T04:44:59.6065993Z git version 2.52.0
2026-02-09T04:44:59.6106529Z Temporarily overriding HOME='/home/runner/work/_temp/5754b49d-9497-495b-a319-f358ea6f150d' before making global git config changes
2026-02-09T04:44:59.6108313Z Adding repository directory to the temporary git global config as a safe directory
2026-02-09T04:44:59.6111968Z [command]/usr/bin/git config --global --add safe.directory /home/runner/work/agent-zero-evolution/agent-zero-evolution
2026-02-09T04:44:59.6148463Z [command]/usr/bin/git config --local --name-only --get-regexp core\.sshCommand
2026-02-09T04:44:59.6182220Z [command]/usr/bin/git submodule foreach --recursive sh -c "git config --local --name-only --get-regexp 'core\.sshCommand' && git config --local --unset-all 'core.sshCommand' || :"
2026-02-09T04:44:59.6426284Z [command]/usr/bin/git config --local --name-only --get-regexp http\.https\:\/\/github\.com\/\.extraheader
2026-02-09T04:44:59.6447712Z http.https://github.com/.extraheader
2026-02-09T04:44:59.6460191Z [command]/usr/bin/git config --local --unset-all http.https://github.com/.extraheader
2026-02-09T04:44:59.6492372Z [command]/usr/bin/git submodule foreach --recursive sh -c "git config --local --name-only --get-regexp 'http\.https\:\/\/github\.com\/\.extraheader' && git config --local --unset-all 'http.https://github.com/.extraheader' || :"
2026-02-09T04:44:59.6731244Z [command]/usr/bin/git config --local --name-only --get-regexp ^includeIf\.gitdir:
2026-02-09T04:44:59.6765169Z [command]/usr/bin/git submodule foreach --recursive git config --local --show-origin --name-only --get-regexp remote.origin.url
2026-02-09T04:44:59.7131631Z Cleaning up orphan processes
